{
    "start_timestamp": "1970-01-01T00:00:00Z",
    "timestamp": "1970-01-01T00:00:00Z",
    "trace_id": "d6c4f03650bd47699ec65c84352b6208",
    "span_id": "1cc4b26ab9094ef0",
    "description": "/api/users/{user_id}",
    "op": "http.server",
    "tags": {
        "organization": "12345",
        "span_kind": "server",
        "status_message": "HTTP OK"
    },
    "status": "ok"
}